[
    {
        "mod": "MAIN",
        "edges": [
            "-> a",
            "-> c",
            "a ->"
        ]
    }
]