[
    {
        "mod": "MAIN",
        "edges": [
            "-> a",
            "-> c",
            "a ->",
            "a -> b",
            "c ->",
            "-> e"
        ]
    }
]